Release 12.4 - xst M.81d (nt64)
Copyright (c) 1995-2010 Xilinx, Inc.  All rights reserved.
--> Parameter TMPDIR set to xst/projnav.tmp


Total REAL time to Xst completion: 0.00 secs
Total CPU time to Xst completion: 0.10 secs
 
--> Parameter xsthdpdir set to xst


Total REAL time to Xst completion: 0.00 secs
Total CPU time to Xst completion: 0.11 secs
 
--> Reading design: LSP_to_Az.prj

TABLE OF CONTENTS
  1) Synthesis Options Summary
  2) HDL Compilation
  3) Design Hierarchy Analysis
  4) HDL Analysis
  5) HDL Synthesis
     5.1) HDL Synthesis Report
  6) Advanced HDL Synthesis
     6.1) Advanced HDL Synthesis Report
  7) Low Level Synthesis
  8) Partition Report
  9) Final Report
	9.1) Device utilization summary
	9.2) Partition Resource Summary
	9.3) TIMING REPORT


=========================================================================
*                      Synthesis Options Summary                        *
=========================================================================
---- Source Parameters
Input File Name                    : "LSP_to_Az.prj"
Input Format                       : mixed
Ignore Synthesis Constraint File   : NO

---- Target Parameters
Output File Name                   : "LSP_to_Az"
Output Format                      : NGC
Target Device                      : xc5vlx110t-1-ff1136

---- Source Options
Top Module Name                    : LSP_to_Az
Automatic FSM Extraction           : YES
FSM Encoding Algorithm             : Auto
Safe Implementation                : No
FSM Style                          : LUT
RAM Extraction                     : Yes
RAM Style                          : Auto
ROM Extraction                     : Yes
Mux Style                          : Auto
Decoder Extraction                 : YES
Priority Encoder Extraction        : Yes
Shift Register Extraction          : YES
Logical Shifter Extraction         : YES
XOR Collapsing                     : YES
ROM Style                          : Auto
Mux Extraction                     : Yes
Resource Sharing                   : YES
Asynchronous To Synchronous        : NO
Use DSP Block                      : Auto
Automatic Register Balancing       : No

---- Target Options
LUT Combining                      : Off
Reduce Control Sets                : Off
Add IO Buffers                     : YES
Global Maximum Fanout              : 100000
Add Generic Clock Buffer(BUFG)     : 32
Register Duplication               : YES
Slice Packing                      : YES
Optimize Instantiated Primitives   : NO
Use Clock Enable                   : Auto
Use Synchronous Set                : Auto
Use Synchronous Reset              : Auto
Pack IO Registers into IOBs        : Auto
Equivalent register Removal        : YES

---- General Options
Optimization Goal                  : Speed
Optimization Effort                : 1
Power Reduction                    : NO
Keep Hierarchy                     : No
Netlist Hierarchy                  : As_Optimized
RTL Output                         : Yes
Global Optimization                : AllClockNets
Read Cores                         : YES
Write Timing Constraints           : NO
Cross Clock Analysis               : NO
Hierarchy Separator                : /
Bus Delimiter                      : <>
Case Specifier                     : Maintain
Slice Utilization Ratio            : 100
BRAM Utilization Ratio             : 100
DSP48 Utilization Ratio            : 100
Verilog 2001                       : YES
Auto BRAM Packing                  : NO
Slice Utilization Ratio Delta      : 5

=========================================================================


=========================================================================
*                          HDL Compilation                              *
=========================================================================
Compiling verilog file "mpy_32_16.v" in library work
Compiling verilog file "get_lsp_pol.v" in library work
Module <mpy_32_16> compiled
Compiling verilog include file "paramList.v"
Compiling verilog file "LSP_to_Az.v" in library work
Module <get_lsp_pol> compiled
Compiling verilog include file "paramList.v"
Module <LSP_to_Az> compiled
No errors in compilation
Analysis of file <"LSP_to_Az.prj"> succeeded.
 

=========================================================================
*                     Design Hierarchy Analysis                         *
=========================================================================
Analyzing hierarchy for module <LSP_to_Az> in library <work> with parameters.
	ACELP_DN = "100001000000"
	ACELP_EXTRA = "001010111000"
	ACELP_RR = "010000000000"
	AQ_T_HIGH = "001100110000"
	AQ_T_LOW = "001100100000"
	AUTOCORR_R = "000100000000"
	AUTOCORR_Y = "000000000000"
	A_T_HIGH = "001100010000"
	A_T_LOW = "001100000000"
	CODE = "100010000000"
	COR_H = "001111000000"
	D17_P_SIGN = "100000000000"
	FREQ_PREV = "001000110000"
	GET_WEGT_BUF = "001011000000"
	H1 = "011010000000"
	INTERPOLATION_LSF_INT = "000110100000"
	INTERPOLATION_LSF_NEW = "000110110000"
	INT_LPC_F1 = "000111100000"
	INT_LPC_F2 = "000111101000"
	INT_LPC_LSP = "000111010000"
	INT_LPC_LSP_TEMP = "000111110000"
	LAG_WINDOW_R_PRIME = "000100010000"
	LEVINSON_DURBIN_ANEXT = "000100110000"
	LEVINSON_DURBIN_AOLD = "000101000000"
	LEVINSON_DURBIN_ATEMP = "000101010000"
	LEVINSON_DURBIN_RC = "000101100000"
	LEVINSON_DURBIN_RCOLD = "000101110000"
	LSPGETQ_BUF = "000100100000"
	LSP_NEW = "000110000000"
	LSP_NEW_Q = "001011010000"
	LSP_OLD = "000110010000"
	LSP_OLD_Q = "001011100000"
	LSP_SELECT_1_BUF = "001011111000"
	LSP_SELECT_1_INDEX = "000111000111"
	LSP_SELECT_1_RBUF = "001011110000"
	LSP_SELECT_1_WEGT = "001010110000"
	PERC_VAR_GAMMA1 = "000111000000"
	PERC_VAR_GAMMA2 = "000111000010"
	PERC_VAR_LAR = "000111001000"
	PERC_VAR_LAR_NEW = "000111001100"
	PERC_VAR_LAR_OLD = "000111000100"
	QUA_LSP_MODE_INDEX = "000111000110"
	RELSPWED_BUF = "001000100000"
	SYN_FILT_TEMP = "001101000000"
	WEIGHT_AZ_AP_OUT = "001000010000"
	XX = "001000000000"
	XXXXXXX = "001010111100"
	Y2 = "100011000000"
	init = "000000"
	state1 = "000001"
	state10 = "001010"
	state11 = "001011"
	state12 = "001100"
	state13 = "001101"
	state14 = "001110"
	state2 = "000010"
	state3 = "000011"
	state4 = "000100"
	state5 = "000101"
	state6 = "000110"
	state7 = "000111"
	state8 = "001000"
	state9 = "001001"
	xxxx = "100100000000"
	xxxxx = "101000000000"
	xxxxxx = "110000000000"

Analyzing hierarchy for module <get_lsp_pol> in library <work> with parameters.
	ACELP_DN = "100001000000"
	ACELP_EXTRA = "001010111000"
	ACELP_RR = "010000000000"
	AQ_T_HIGH = "001100110000"
	AQ_T_LOW = "001100100000"
	AUTOCORR_R = "000100000000"
	AUTOCORR_Y = "000000000000"
	A_T_HIGH = "001100010000"
	A_T_LOW = "001100000000"
	CODE = "100010000000"
	COR_H = "001111000000"
	D17_P_SIGN = "100000000000"
	FREQ_PREV = "001000110000"
	GET_WEGT_BUF = "001011000000"
	H1 = "011010000000"
	INTERPOLATION_LSF_INT = "000110100000"
	INTERPOLATION_LSF_NEW = "000110110000"
	INT_LPC_F1 = "000111100000"
	INT_LPC_F2 = "000111101000"
	INT_LPC_LSP = "000111010000"
	INT_LPC_LSP_TEMP = "000111110000"
	LAG_WINDOW_R_PRIME = "000100010000"
	LEVINSON_DURBIN_ANEXT = "000100110000"
	LEVINSON_DURBIN_AOLD = "000101000000"
	LEVINSON_DURBIN_ATEMP = "000101010000"
	LEVINSON_DURBIN_RC = "000101100000"
	LEVINSON_DURBIN_RCOLD = "000101110000"
	LSPGETQ_BUF = "000100100000"
	LSP_NEW = "000110000000"
	LSP_NEW_Q = "001011010000"
	LSP_OLD = "000110010000"
	LSP_OLD_Q = "001011100000"
	LSP_SELECT_1_BUF = "001011111000"
	LSP_SELECT_1_INDEX = "000111000111"
	LSP_SELECT_1_RBUF = "001011110000"
	LSP_SELECT_1_WEGT = "001010110000"
	PERC_VAR_GAMMA1 = "000111000000"
	PERC_VAR_GAMMA2 = "000111000010"
	PERC_VAR_LAR = "000111001000"
	PERC_VAR_LAR_NEW = "000111001100"
	PERC_VAR_LAR_OLD = "000111000100"
	QUA_LSP_MODE_INDEX = "000111000110"
	RELSPWED_BUF = "001000100000"
	SYN_FILT_TEMP = "001101000000"
	WEIGHT_AZ_AP_OUT = "001000010000"
	XX = "001000000000"
	XXXXXXX = "001010111100"
	Y2 = "100011000000"
	init = "000000"
	init2 = "001100"
	prestate9 = "001110"
	state1 = "000001"
	state10 = "001010"
	state11 = "001011"
	state2 = "000010"
	state3 = "000011"
	state4 = "000100"
	state5 = "000101"
	state6 = "000110"
	state7 = "000111"
	state8 = "001000"
	state9 = "001001"
	state_L_shl_wait = "001101"
	xxxx = "100100000000"
	xxxxx = "101000000000"
	xxxxxx = "110000000000"

Analyzing hierarchy for module <mpy_32_16> in library <work>.


=========================================================================
*                            HDL Analysis                               *
=========================================================================
Analyzing top module <LSP_to_Az>.
	ACELP_DN = 12'b100001000000
	ACELP_EXTRA = 12'b001010111000
	ACELP_RR = 12'b010000000000
	AQ_T_HIGH = 12'b001100110000
	AQ_T_LOW = 12'b001100100000
	AUTOCORR_R = 12'b000100000000
	AUTOCORR_Y = 12'b000000000000
	A_T_HIGH = 12'b001100010000
	A_T_LOW = 12'b001100000000
	CODE = 12'b100010000000
	COR_H = 12'b001111000000
	D17_P_SIGN = 12'b100000000000
	FREQ_PREV = 12'b001000110000
	GET_WEGT_BUF = 12'b001011000000
	H1 = 12'b011010000000
	INTERPOLATION_LSF_INT = 12'b000110100000
	INTERPOLATION_LSF_NEW = 12'b000110110000
	INT_LPC_F1 = 12'b000111100000
	INT_LPC_F2 = 12'b000111101000
	INT_LPC_LSP = 12'b000111010000
	INT_LPC_LSP_TEMP = 12'b000111110000
	LAG_WINDOW_R_PRIME = 12'b000100010000
	LEVINSON_DURBIN_ANEXT = 12'b000100110000
	LEVINSON_DURBIN_AOLD = 12'b000101000000
	LEVINSON_DURBIN_ATEMP = 12'b000101010000
	LEVINSON_DURBIN_RC = 12'b000101100000
	LEVINSON_DURBIN_RCOLD = 12'b000101110000
	LSPGETQ_BUF = 12'b000100100000
	LSP_NEW = 12'b000110000000
	LSP_NEW_Q = 12'b001011010000
	LSP_OLD = 12'b000110010000
	LSP_OLD_Q = 12'b001011100000
	LSP_SELECT_1_BUF = 12'b001011111000
	LSP_SELECT_1_INDEX = 12'b000111000111
	LSP_SELECT_1_RBUF = 12'b001011110000
	LSP_SELECT_1_WEGT = 12'b001010110000
	PERC_VAR_GAMMA1 = 12'b000111000000
	PERC_VAR_GAMMA2 = 12'b000111000010
	PERC_VAR_LAR = 12'b000111001000
	PERC_VAR_LAR_NEW = 12'b000111001100
	PERC_VAR_LAR_OLD = 12'b000111000100
	QUA_LSP_MODE_INDEX = 12'b000111000110
	RELSPWED_BUF = 12'b001000100000
	SYN_FILT_TEMP = 12'b001101000000
	WEIGHT_AZ_AP_OUT = 12'b001000010000
	XX = 12'b001000000000
	XXXXXXX = 12'b001010111100
	Y2 = 12'b100011000000
	init = 6'b000000
	state1 = 6'b000001
	state10 = 6'b001010
	state11 = 6'b001011
	state12 = 6'b001100
	state13 = 6'b001101
	state14 = 6'b001110
	state2 = 6'b000010
	state3 = 6'b000011
	state4 = 6'b000100
	state5 = 6'b000101
	state6 = 6'b000110
	state7 = 6'b000111
	state8 = 6'b001000
	state9 = 6'b001001
	xxxx = 12'b100100000000
	xxxxx = 12'b101000000000
	xxxxxx = 12'b110000000000
Module <LSP_to_Az> is correct for synthesis.
 
Analyzing module <get_lsp_pol> in library <work>.
	ACELP_DN = 12'b100001000000
	ACELP_EXTRA = 12'b001010111000
	ACELP_RR = 12'b010000000000
	AQ_T_HIGH = 12'b001100110000
	AQ_T_LOW = 12'b001100100000
	AUTOCORR_R = 12'b000100000000
	AUTOCORR_Y = 12'b000000000000
	A_T_HIGH = 12'b001100010000
	A_T_LOW = 12'b001100000000
	CODE = 12'b100010000000
	COR_H = 12'b001111000000
	D17_P_SIGN = 12'b100000000000
	FREQ_PREV = 12'b001000110000
	GET_WEGT_BUF = 12'b001011000000
	H1 = 12'b011010000000
	INTERPOLATION_LSF_INT = 12'b000110100000
	INTERPOLATION_LSF_NEW = 12'b000110110000
	INT_LPC_F1 = 12'b000111100000
	INT_LPC_F2 = 12'b000111101000
	INT_LPC_LSP = 12'b000111010000
	INT_LPC_LSP_TEMP = 12'b000111110000
	LAG_WINDOW_R_PRIME = 12'b000100010000
	LEVINSON_DURBIN_ANEXT = 12'b000100110000
	LEVINSON_DURBIN_AOLD = 12'b000101000000
	LEVINSON_DURBIN_ATEMP = 12'b000101010000
	LEVINSON_DURBIN_RC = 12'b000101100000
	LEVINSON_DURBIN_RCOLD = 12'b000101110000
	LSPGETQ_BUF = 12'b000100100000
	LSP_NEW = 12'b000110000000
	LSP_NEW_Q = 12'b001011010000
	LSP_OLD = 12'b000110010000
	LSP_OLD_Q = 12'b001011100000
	LSP_SELECT_1_BUF = 12'b001011111000
	LSP_SELECT_1_INDEX = 12'b000111000111
	LSP_SELECT_1_RBUF = 12'b001011110000
	LSP_SELECT_1_WEGT = 12'b001010110000
	PERC_VAR_GAMMA1 = 12'b000111000000
	PERC_VAR_GAMMA2 = 12'b000111000010
	PERC_VAR_LAR = 12'b000111001000
	PERC_VAR_LAR_NEW = 12'b000111001100
	PERC_VAR_LAR_OLD = 12'b000111000100
	QUA_LSP_MODE_INDEX = 12'b000111000110
	RELSPWED_BUF = 12'b001000100000
	SYN_FILT_TEMP = 12'b001101000000
	WEIGHT_AZ_AP_OUT = 12'b001000010000
	XX = 12'b001000000000
	XXXXXXX = 12'b001010111100
	Y2 = 12'b100011000000
	init = 6'b000000
	init2 = 6'b001100
	prestate9 = 6'b001110
	state1 = 6'b000001
	state10 = 6'b001010
	state11 = 6'b001011
	state2 = 6'b000010
	state3 = 6'b000011
	state4 = 6'b000100
	state5 = 6'b000101
	state6 = 6'b000110
	state7 = 6'b000111
	state8 = 6'b001000
	state9 = 6'b001001
	state_L_shl_wait = 6'b001101
	xxxx = 12'b100100000000
	xxxxx = 12'b101000000000
	xxxxxx = 12'b110000000000
Module <get_lsp_pol> is correct for synthesis.
 
Analyzing module <mpy_32_16> in library <work>.
Module <mpy_32_16> is correct for synthesis.
 

=========================================================================
*                           HDL Synthesis                               *
=========================================================================

Performing bidirectional port resolution...

Synthesizing Unit <mpy_32_16>.
    Related source file is "mpy_32_16.v".
WARNING:Xst:647 - Input <mult_overflow> is never used. This port will be preserved and left unconnected if it belongs to a top-level block or it belongs to a sub-block and the hierarchy of this sub-block is preserved.
WARNING:Xst:647 - Input <L_mult_overflow> is never used. This port will be preserved and left unconnected if it belongs to a top-level block or it belongs to a sub-block and the hierarchy of this sub-block is preserved.
WARNING:Xst:647 - Input <L_mac_overflow> is never used. This port will be preserved and left unconnected if it belongs to a top-level block or it belongs to a sub-block and the hierarchy of this sub-block is preserved.
Unit <mpy_32_16> synthesized.


Synthesizing Unit <get_lsp_pol>.
    Related source file is "get_lsp_pol.v".
WARNING:Xst:647 - Input <get_lsp_pol_addr1<3:0>> is never used. This port will be preserved and left unconnected if it belongs to a top-level block or it belongs to a sub-block and the hierarchy of this sub-block is preserved.
WARNING:Xst:647 - Input <L_msu_overflow> is never used. This port will be preserved and left unconnected if it belongs to a top-level block or it belongs to a sub-block and the hierarchy of this sub-block is preserved.
WARNING:Xst:647 - Input <sub_overflow> is never used. This port will be preserved and left unconnected if it belongs to a top-level block or it belongs to a sub-block and the hierarchy of this sub-block is preserved.
WARNING:Xst:647 - Input <add_in<15:4>> is never used. This port will be preserved and left unconnected if it belongs to a top-level block or it belongs to a sub-block and the hierarchy of this sub-block is preserved.
WARNING:Xst:647 - Input <add_overflow> is never used. This port will be preserved and left unconnected if it belongs to a top-level block or it belongs to a sub-block and the hierarchy of this sub-block is preserved.
WARNING:Xst:647 - Input <sub_in<15:4>> is never used. This port will be preserved and left unconnected if it belongs to a top-level block or it belongs to a sub-block and the hierarchy of this sub-block is preserved.
WARNING:Xst:647 - Input <abs_in> is never used. This port will be preserved and left unconnected if it belongs to a top-level block or it belongs to a sub-block and the hierarchy of this sub-block is preserved.
WARNING:Xst:647 - Input <norm_L_in> is never used. This port will be preserved and left unconnected if it belongs to a top-level block or it belongs to a sub-block and the hierarchy of this sub-block is preserved.
WARNING:Xst:647 - Input <negate_in> is never used. This port will be preserved and left unconnected if it belongs to a top-level block or it belongs to a sub-block and the hierarchy of this sub-block is preserved.
WARNING:Xst:647 - Input <L_add_overflow> is never used. This port will be preserved and left unconnected if it belongs to a top-level block or it belongs to a sub-block and the hierarchy of this sub-block is preserved.
WARNING:Xst:647 - Input <norm_L_done> is never used. This port will be preserved and left unconnected if it belongs to a top-level block or it belongs to a sub-block and the hierarchy of this sub-block is preserved.
    Found finite state machine <FSM_0> for signal <currentstate>.
    -----------------------------------------------------------------------
    | States             | 15                                             |
    | Transitions        | 20                                             |
    | Inputs             | 5                                              |
    | Outputs            | 31                                             |
    | Clock              | clock                     (rising_edge)        |
    | Reset              | reset                     (positive)           |
    | Reset type         | synchronous                                    |
    | Reset State        | 000000                                         |
    | Encoding           | automatic                                      |
    | Implementation     | LUT                                            |
    -----------------------------------------------------------------------
    Found 4-bit comparator equal for signal <currentstate$cmp_eq0000> created at line 289.
    Found 4-bit comparator greater for signal <currentstate$cmp_gt0000> created at line 266.
    Found 4-bit comparator greater for signal <currentstate$cmp_gt0001> created at line 289.
    Found 4-bit register for signal <f_iterator>.
    Found 16-bit register for signal <hi>.
    Found 4-bit register for signal <iterator1>.
    Found 4-bit register for signal <iterator2>.
    Found 16-bit register for signal <lo>.
    Found 4-bit register for signal <lsp_iterator>.
    Found 32-bit register for signal <temp1>.
    Found 32-bit register for signal <temp2>.
    Summary:
	inferred   1 Finite State Machine(s).
	inferred 112 D-type flip-flop(s).
	inferred   3 Comparator(s).
Unit <get_lsp_pol> synthesized.


Synthesizing Unit <LSP_to_Az>.
    Related source file is "LSP_to_Az.v".
WARNING:Xst:647 - Input <lsp_az_addr2<3:0>> is never used. This port will be preserved and left unconnected if it belongs to a top-level block or it belongs to a sub-block and the hierarchy of this sub-block is preserved.
WARNING:Xst:646 - Signal <get_lsp_pol_addr1> is assigned but never used. This unconnected signal will be trimmed during the optimization process.
    Found finite state machine <FSM_1> for signal <currentstate>.
    -----------------------------------------------------------------------
    | States             | 15                                             |
    | Transitions        | 20                                             |
    | Inputs             | 4                                              |
    | Outputs            | 15                                             |
    | Clock              | clock                     (rising_edge)        |
    | Reset              | reset                     (positive)           |
    | Reset type         | synchronous                                    |
    | Reset State        | 000000                                         |
    | Encoding           | automatic                                      |
    | Implementation     | LUT                                            |
    -----------------------------------------------------------------------
    Found 4-bit comparator greater for signal <currentstate$cmp_gt0000> created at line 362.
    Found 4-bit comparator lessequal for signal <currentstate$cmp_le0000> created at line 302.
    Found 4-bit register for signal <iterator1>.
    Found 4-bit register for signal <iterator2>.
    Found 4-bit register for signal <iterator3>.
    Found 32-bit register for signal <temp1>.
    Found 32-bit register for signal <temp2>.
    Found 32-bit register for signal <temp3>.
    Found 32-bit register for signal <temp4>.
    Summary:
	inferred   1 Finite State Machine(s).
	inferred 140 D-type flip-flop(s).
	inferred   2 Comparator(s).
Unit <LSP_to_Az> synthesized.


=========================================================================
HDL Synthesis Report

Macro Statistics
# Registers                                            : 15
 16-bit register                                       : 2
 32-bit register                                       : 6
 4-bit register                                        : 7
# Comparators                                          : 5
 4-bit comparator equal                                : 1
 4-bit comparator greater                              : 3
 4-bit comparator lessequal                            : 1

=========================================================================

=========================================================================
*                       Advanced HDL Synthesis                          *
=========================================================================

Analyzing FSM <FSM_1> for best encoding.
Optimizing FSM <currentstate/FSM> on signal <currentstate[1:15]> with one-hot encoding.
---------------------------
 State  | Encoding
---------------------------
 000000 | 000000000000001
 000001 | 000000000000010
 000010 | 000000000000100
 000011 | 000000000001000
 000100 | 000000000010000
 000101 | 000000000100000
 000110 | 000000010000000
 000111 | 000000100000000
 001000 | 000001000000000
 001001 | 000010000000000
 001010 | 000000001000000
 001011 | 000100000000000
 001100 | 001000000000000
 001101 | 010000000000000
 001110 | 100000000000000
---------------------------
Analyzing FSM <FSM_0> for best encoding.
Optimizing FSM <i_get_lsp_pol_1/currentstate/FSM> on signal <currentstate[1:15]> with one-hot encoding.
---------------------------
 State  | Encoding
---------------------------
 000000 | 000000000000001
 000001 | 000000000000100
 000010 | 000000000001000
 000011 | 000000000010000
 000100 | 000000000100000
 000101 | 000000001000000
 000110 | 000000100000000
 000111 | 000001000000000
 001000 | 000100000000000
 001001 | 001000000000000
 001010 | 010000000000000
 001011 | 100000000000000
 001100 | 000000000000010
 001101 | 000010000000000
 001110 | 000000010000000
---------------------------
WARNING:Xst:2677 - Node <temp4_0> of sequential type is unconnected in block <LSP_to_Az>.
WARNING:Xst:2677 - Node <temp4_1> of sequential type is unconnected in block <LSP_to_Az>.
WARNING:Xst:2677 - Node <temp4_2> of sequential type is unconnected in block <LSP_to_Az>.
WARNING:Xst:2677 - Node <temp4_3> of sequential type is unconnected in block <LSP_to_Az>.
WARNING:Xst:2677 - Node <temp4_4> of sequential type is unconnected in block <LSP_to_Az>.
WARNING:Xst:2677 - Node <temp4_5> of sequential type is unconnected in block <LSP_to_Az>.
WARNING:Xst:2677 - Node <temp4_6> of sequential type is unconnected in block <LSP_to_Az>.
WARNING:Xst:2677 - Node <temp4_7> of sequential type is unconnected in block <LSP_to_Az>.
WARNING:Xst:2677 - Node <temp4_8> of sequential type is unconnected in block <LSP_to_Az>.
WARNING:Xst:2677 - Node <temp4_9> of sequential type is unconnected in block <LSP_to_Az>.
WARNING:Xst:2677 - Node <temp4_10> of sequential type is unconnected in block <LSP_to_Az>.
WARNING:Xst:2677 - Node <temp4_11> of sequential type is unconnected in block <LSP_to_Az>.
WARNING:Xst:2677 - Node <temp4_13> of sequential type is unconnected in block <LSP_to_Az>.
WARNING:Xst:2677 - Node <temp4_14> of sequential type is unconnected in block <LSP_to_Az>.
WARNING:Xst:2677 - Node <temp4_15> of sequential type is unconnected in block <LSP_to_Az>.
WARNING:Xst:2677 - Node <temp4_16> of sequential type is unconnected in block <LSP_to_Az>.
WARNING:Xst:2677 - Node <temp4_17> of sequential type is unconnected in block <LSP_to_Az>.
WARNING:Xst:2677 - Node <temp4_18> of sequential type is unconnected in block <LSP_to_Az>.
WARNING:Xst:2677 - Node <temp4_19> of sequential type is unconnected in block <LSP_to_Az>.
WARNING:Xst:2677 - Node <temp4_20> of sequential type is unconnected in block <LSP_to_Az>.
WARNING:Xst:2677 - Node <temp4_21> of sequential type is unconnected in block <LSP_to_Az>.
WARNING:Xst:2677 - Node <temp4_22> of sequential type is unconnected in block <LSP_to_Az>.
WARNING:Xst:2677 - Node <temp4_23> of sequential type is unconnected in block <LSP_to_Az>.
WARNING:Xst:2677 - Node <temp4_24> of sequential type is unconnected in block <LSP_to_Az>.
WARNING:Xst:2677 - Node <temp4_25> of sequential type is unconnected in block <LSP_to_Az>.
WARNING:Xst:2677 - Node <temp4_26> of sequential type is unconnected in block <LSP_to_Az>.
WARNING:Xst:2677 - Node <temp4_27> of sequential type is unconnected in block <LSP_to_Az>.
WARNING:Xst:2677 - Node <temp4_28> of sequential type is unconnected in block <LSP_to_Az>.
WARNING:Xst:2677 - Node <temp4_29> of sequential type is unconnected in block <LSP_to_Az>.
WARNING:Xst:2677 - Node <temp4_30> of sequential type is unconnected in block <LSP_to_Az>.
WARNING:Xst:2677 - Node <temp4_31> of sequential type is unconnected in block <LSP_to_Az>.
WARNING:Xst:2677 - Node <temp4_0> of sequential type is unconnected in block <LSP_to_Az>.
WARNING:Xst:2677 - Node <temp4_1> of sequential type is unconnected in block <LSP_to_Az>.
WARNING:Xst:2677 - Node <temp4_2> of sequential type is unconnected in block <LSP_to_Az>.
WARNING:Xst:2677 - Node <temp4_3> of sequential type is unconnected in block <LSP_to_Az>.
WARNING:Xst:2677 - Node <temp4_4> of sequential type is unconnected in block <LSP_to_Az>.
WARNING:Xst:2677 - Node <temp4_5> of sequential type is unconnected in block <LSP_to_Az>.
WARNING:Xst:2677 - Node <temp4_6> of sequential type is unconnected in block <LSP_to_Az>.
WARNING:Xst:2677 - Node <temp4_7> of sequential type is unconnected in block <LSP_to_Az>.
WARNING:Xst:2677 - Node <temp4_8> of sequential type is unconnected in block <LSP_to_Az>.
WARNING:Xst:2677 - Node <temp4_9> of sequential type is unconnected in block <LSP_to_Az>.
WARNING:Xst:2677 - Node <temp4_10> of sequential type is unconnected in block <LSP_to_Az>.
WARNING:Xst:2677 - Node <temp4_11> of sequential type is unconnected in block <LSP_to_Az>.
WARNING:Xst:2677 - Node <temp4_13> of sequential type is unconnected in block <LSP_to_Az>.
WARNING:Xst:2677 - Node <temp4_14> of sequential type is unconnected in block <LSP_to_Az>.
WARNING:Xst:2677 - Node <temp4_15> of sequential type is unconnected in block <LSP_to_Az>.
WARNING:Xst:2677 - Node <temp4_16> of sequential type is unconnected in block <LSP_to_Az>.
WARNING:Xst:2677 - Node <temp4_17> of sequential type is unconnected in block <LSP_to_Az>.
WARNING:Xst:2677 - Node <temp4_18> of sequential type is unconnected in block <LSP_to_Az>.
WARNING:Xst:2677 - Node <temp4_19> of sequential type is unconnected in block <LSP_to_Az>.
WARNING:Xst:2677 - Node <temp4_20> of sequential type is unconnected in block <LSP_to_Az>.
WARNING:Xst:2677 - Node <temp4_21> of sequential type is unconnected in block <LSP_to_Az>.
WARNING:Xst:2677 - Node <temp4_22> of sequential type is unconnected in block <LSP_to_Az>.
WARNING:Xst:2677 - Node <temp4_23> of sequential type is unconnected in block <LSP_to_Az>.
WARNING:Xst:2677 - Node <temp4_24> of sequential type is unconnected in block <LSP_to_Az>.
WARNING:Xst:2677 - Node <temp4_25> of sequential type is unconnected in block <LSP_to_Az>.
WARNING:Xst:2677 - Node <temp4_26> of sequential type is unconnected in block <LSP_to_Az>.
WARNING:Xst:2677 - Node <temp4_27> of sequential type is unconnected in block <LSP_to_Az>.
WARNING:Xst:2677 - Node <temp4_28> of sequential type is unconnected in block <LSP_to_Az>.
WARNING:Xst:2677 - Node <temp4_29> of sequential type is unconnected in block <LSP_to_Az>.
WARNING:Xst:2677 - Node <temp4_30> of sequential type is unconnected in block <LSP_to_Az>.
WARNING:Xst:2677 - Node <temp4_31> of sequential type is unconnected in block <LSP_to_Az>.

=========================================================================
Advanced HDL Synthesis Report

Macro Statistics
# FSMs                                                 : 2
# Registers                                            : 221
 Flip-Flops                                            : 221
# Comparators                                          : 5
 4-bit comparator equal                                : 1
 4-bit comparator greater                              : 3
 4-bit comparator lessequal                            : 1

=========================================================================

=========================================================================
*                         Low Level Synthesis                           *
=========================================================================

Optimizing unit <LSP_to_Az> ...

Optimizing unit <get_lsp_pol> ...

Mapping all equations...
Building and optimizing final netlist ...
Found area constraint ratio of 100 (+ 5) on block LSP_to_Az, actual ratio is 1.

Final Macro Processing ...

=========================================================================
Final Register Report

Macro Statistics
# Registers                                            : 251
 Flip-Flops                                            : 251

=========================================================================

=========================================================================
*                           Partition Report                            *
=========================================================================

Partition Implementation Status
-------------------------------

  No Partitions were found in this design.

-------------------------------

=========================================================================
*                            Final Report                               *
=========================================================================
Final Results
RTL Top Level Output File Name     : LSP_to_Az.ngr
Top Level Output File Name         : LSP_to_Az
Output Format                      : NGC
Optimization Goal                  : Speed
Keep Hierarchy                     : No

Design Statistics
# IOs                              : 1056

Cell Usage :
# BELS                             : 773
#      GND                         : 1
#      LUT2                        : 133
#      LUT3                        : 12
#      LUT4                        : 65
#      LUT5                        : 144
#      LUT6                        : 409
#      MUXF7                       : 9
# FlipFlops/Latches                : 251
#      FDR                         : 124
#      FDRE                        : 81
#      FDRS                        : 20
#      FDRSE                       : 17
#      FDS                         : 9
# Clock Buffers                    : 1
#      BUFGP                       : 1
# IO Buffers                       : 951
#      IBUF                        : 315
#      OBUF                        : 636
=========================================================================

Device utilization summary:
---------------------------

Selected Device : 5vlx110tff1136-1 


Slice Logic Utilization: 
 Number of Slice Registers:             251  out of  69120     0%  
 Number of Slice LUTs:                  763  out of  69120     1%  
    Number used as Logic:               763  out of  69120     1%  

Slice Logic Distribution: 
 Number of LUT Flip Flop pairs used:    789
   Number with an unused Flip Flop:     538  out of    789    68%  
   Number with an unused LUT:            26  out of    789     3%  
   Number of fully used LUT-FF pairs:   225  out of    789    28%  
   Number of unique control sets:        42

IO Utilization: 
 Number of IOs:                        1056
 Number of bonded IOBs:                 952  out of    640   148% (*) 

Specific Feature Utilization:
 Number of BUFG/BUFGCTRLs:                1  out of     32     3%  

WARNING:Xst:1336 -  (*) More than 100% of Device resources are used

---------------------------
Partition Resource Summary:
---------------------------

  No Partitions were found in this design.

---------------------------


=========================================================================
TIMING REPORT

NOTE: THESE TIMING NUMBERS ARE ONLY A SYNTHESIS ESTIMATE.
      FOR ACCURATE TIMING INFORMATION PLEASE REFER TO THE TRACE REPORT
      GENERATED AFTER PLACE-and-ROUTE.

Clock Information:
------------------
-----------------------------------+------------------------+-------+
Clock Signal                       | Clock buffer(FF name)  | Load  |
-----------------------------------+------------------------+-------+
clock                              | BUFGP                  | 251   |
-----------------------------------+------------------------+-------+

Asynchronous Control Signals Information:
----------------------------------------
No asynchronous control signals found in this design

Timing Summary:
---------------
Speed Grade: -1

   Minimum period: 2.932ns (Maximum Frequency: 341.064MHz)
   Minimum input arrival time before clock: 2.836ns
   Maximum output required time after clock: 7.302ns
   Maximum combinational path delay: 6.656ns

Timing Detail:
--------------
All values displayed in nanoseconds (ns)

=========================================================================
Timing constraint: Default period analysis for Clock 'clock'
  Clock period: 2.932ns (frequency: 341.064MHz)
  Total number of paths / destination ports: 1224 / 293
-------------------------------------------------------------------------
Delay:               2.932ns (Levels of Logic = 3)
  Source:            currentstate_FSM_FFd11 (FF)
  Destination:       i_get_lsp_pol_1/lsp_iterator_3 (FF)
  Source Clock:      clock rising
  Destination Clock: clock rising

  Data Path: currentstate_FSM_FFd11 to i_get_lsp_pol_1/lsp_iterator_3
                                Gate     Net
    Cell:in->out      fanout   Delay   Delay  Logical Name (Net Name)
    ----------------------------------------  ------------
     FDR:C->Q              2   0.471   1.074  currentstate_FSM_FFd11 (currentstate_FSM_FFd11)
     LUT6:I0->O            7   0.094   0.513  currentstate_FSM_FFd11-In1 (currentstate_FSM_FFd11-In)
     LUT6:I5->O            4   0.094   0.592  i_get_lsp_pol_1/next_lsp_iterator<0>2 (i_get_lsp_pol_1/N10)
     LUT4:I2->O            1   0.094   0.000  i_get_lsp_pol_1/next_lsp_iterator<3>1 (i_get_lsp_pol_1/next_lsp_iterator<3>)
     FDR:D                    -0.018          i_get_lsp_pol_1/lsp_iterator_3
    ----------------------------------------
    Total                      2.932ns (0.753ns logic, 2.179ns route)
                                       (25.7% logic, 74.3% route)

=========================================================================
Timing constraint: Default OFFSET IN BEFORE for Clock 'clock'
  Total number of paths / destination ports: 728 / 487
-------------------------------------------------------------------------
Offset:              2.836ns (Levels of Logic = 4)
  Source:            sub_in<2> (PAD)
  Destination:       i_get_lsp_pol_1/f_iterator_2 (FF)
  Destination Clock: clock rising

  Data Path: sub_in<2> to i_get_lsp_pol_1/f_iterator_2
                                Gate     Net
    Cell:in->out      fanout   Delay   Delay  Logical Name (Net Name)
    ----------------------------------------  ------------
     IBUF:I->O             6   0.818   1.096  sub_in_2_IBUF (sub_in_2_IBUF)
     LUT6:I0->O            1   0.094   0.480  i_get_lsp_pol_1/next_f_iterator<0>12_SW3 (N216)
     LUT6:I5->O            1   0.094   0.000  i_get_lsp_pol_1/next_f_iterator<2>1_G (N305)
     MUXF7:I1->O           1   0.254   0.000  i_get_lsp_pol_1/next_f_iterator<2>1 (i_get_lsp_pol_1/next_f_iterator<2>)
     FDR:D                    -0.018          i_get_lsp_pol_1/f_iterator_2
    ----------------------------------------
    Total                      2.836ns (1.260ns logic, 1.576ns route)
                                       (44.4% logic, 55.6% route)

=========================================================================
Timing constraint: Default OFFSET OUT AFTER for Clock 'clock'
  Total number of paths / destination ports: 3260 / 440
-------------------------------------------------------------------------
Offset:              7.302ns (Levels of Logic = 7)
  Source:            i_get_lsp_pol_1/iterator2_0 (FF)
  Destination:       scratch_mem_read_addr<2> (PAD)
  Source Clock:      clock rising

  Data Path: i_get_lsp_pol_1/iterator2_0 to scratch_mem_read_addr<2>
                                Gate     Net
    Cell:in->out      fanout   Delay   Delay  Logical Name (Net Name)
    ----------------------------------------  ------------
     FDS:C->Q              5   0.471   0.811  i_get_lsp_pol_1/iterator2_0 (i_get_lsp_pol_1/iterator2_0)
     LUT4:I0->O            1   0.094   0.480  i_get_lsp_pol_1/currentstate_cmp_gt00011_SW2 (N210)
     LUT5:I4->O           12   0.094   0.540  i_get_lsp_pol_1/currentstate_cmp_gt00011 (i_get_lsp_pol_1/currentstate_cmp_gt0001)
     LUT6:I5->O            2   0.094   0.581  i_get_lsp_pol_1/scratch_mem_read_addr_or00001 (i_get_lsp_pol_1/scratch_mem_read_addr_or0000)
     LUT5:I3->O            3   0.094   0.587  i_get_lsp_pol_1/scratch_mem_read_addr<0>21 (i_get_lsp_pol_1/N13)
     LUT6:I4->O            1   0.094   0.480  scratch_mem_read_addr<2>33 (scratch_mem_read_addr<2>33)
     LUT2:I1->O            1   0.094   0.336  scratch_mem_read_addr<2>35 (scratch_mem_read_addr_2_OBUF)
     OBUF:I->O                 2.452          scratch_mem_read_addr_2_OBUF (scratch_mem_read_addr<2>)
    ----------------------------------------
    Total                      7.302ns (3.487ns logic, 3.815ns route)
                                       (47.8% logic, 52.2% route)

=========================================================================
Timing constraint: Default path analysis
  Total number of paths / destination ports: 833 / 389
-------------------------------------------------------------------------
Delay:               6.656ns (Levels of Logic = 5)
  Source:            L_sub_in<31> (PAD)
  Destination:       scratch_mem_out<31> (PAD)

  Data Path: L_sub_in<31> to scratch_mem_out<31>
                                Gate     Net
    Cell:in->out      fanout   Delay   Delay  Logical Name (Net Name)
    ----------------------------------------  ------------
     IBUF:I->O             4   0.818   0.989  L_sub_in_31_IBUF (L_sub_in_31_IBUF)
     LUT6:I1->O            1   0.094   0.710  scratch_mem_out<31>29 (scratch_mem_out<31>29)
     LUT6:I3->O            1   0.094   1.069  scratch_mem_out<31>40_SW0 (N254)
     LUT6:I0->O            1   0.094   0.336  scratch_mem_out<31>40 (scratch_mem_out_31_OBUF)
     OBUF:I->O                 2.452          scratch_mem_out_31_OBUF (scratch_mem_out<31>)
    ----------------------------------------
    Total                      6.656ns (3.552ns logic, 3.104ns route)
                                       (53.4% logic, 46.6% route)

=========================================================================


Total REAL time to Xst completion: 19.00 secs
Total CPU time to Xst completion: 19.25 secs
 
--> 

Total memory usage is 295956 kilobytes

Number of errors   :    0 (   0 filtered)
Number of warnings :   79 (   0 filtered)
Number of infos    :    0 (   0 filtered)

