MO LPC_Mem_Ctrl NULL "C:/Users/Sean/Documents/My Dropbox/Senior Design/G.729 Verilog Code/Sean's AutoCorr Mem Ctrl/LPC_Mem_Ctrl/LPC_Mem_Ctrl.v" vlg21/_l_p_c___mem___ctrl.bin 1286229363
MO AutoCorr_mem_1 NULL "C:/Users/Sean/Documents/My Dropbox/Senior Design/G.729 Verilog Code/Sean's AutoCorr Mem Ctrl/LPC_Mem_Ctrl/../AutoCorr_mem_1.v" vlg49/_auto_corr__mem__1.bin 1286138510
MO LPC_Mem_Ctrl_tb_v NULL "C:/Users/Sean/Documents/My Dropbox/Senior Design/G.729 Verilog Code/Sean's AutoCorr Mem Ctrl/LPC_Mem_Ctrl/../LPC_Mem_Ctrl_tb.v" vlg4B/_l_p_c___mem___ctrl__tb__v.bin 1286228910
MO glbl NULL C:/Xilinx92i/verilog/src/glbl.v vlg2D/glbl.bin 1286138513
